.next/types/validator.ts(80,39): error TS2307: Cannot find module '../../src/app/register/page.js' or its corresponding type declarations.
